\BOOKMARK [1][-]{section.2}{\376\377\000I\000n\000t\000r\000o\000d\000u\000\347\000\343\000o}{}% 1
\BOOKMARK [1][-]{section.3}{\376\377\000Q\000u\000e\000s\000t\000\365\000e\000s\000\040\000d\000e\000\040\000P\000e\000s\000q\000u\000i\000s\000a\000\040\000e\000\040\000H\000i\000p\000\363\000t\000e\000s\000e\000s}{}% 2
\BOOKMARK [1][-]{section.4}{\376\377\000O\000b\000j\000e\000t\000i\000v\000o\000s}{}% 3
\BOOKMARK [2][-]{subsection.5}{\376\377\000O\000b\000j\000e\000t\000i\000v\000o\000\040\000G\000e\000r\000a\000l}{section.4}% 4
\BOOKMARK [2][-]{subsection.6}{\376\377\000O\000b\000j\000e\000t\000i\000v\000o\000s\000\040\000E\000s\000p\000e\000c\000\355\000f\000i\000c\000o\000s}{section.4}% 5
\BOOKMARK [1][-]{section.7}{\376\377\000M\000e\000t\000o\000d\000o\000l\000o\000g\000i\000a}{}% 6
\BOOKMARK [2][-]{subsection.8}{\376\377\000C\000o\000l\000e\000t\000a\000\040\000d\000e\000\040\000D\000a\000d\000o\000s}{section.7}% 7
\BOOKMARK [2][-]{subsection.12}{\376\377\000A\000n\000\341\000l\000i\000s\000e}{section.7}% 8
\BOOKMARK [2][-]{subsection.13}{\376\377\000V\000i\000s\000u\000a\000l\000i\000z\000a\000\347\000\343\000o\000\040\000d\000o\000s\000\040\000D\000a\000d\000o\000s}{section.7}% 9
\BOOKMARK [1][-]{section.14}{\376\377\000R\000e\000s\000u\000l\000t\000a\000d\000o\000s}{}% 10
\BOOKMARK [2][-]{subsection.18}{\376\377\000R\000e\000s\000u\000l\000t\000a\000d\000o\000s\000\040\000p\000o\000r\000\040\000Q\000u\000e\000s\000t\000\343\000o\000\040\000d\000e\000\040\000P\000e\000s\000q\000u\000i\000s\000a}{section.14}% 11
\BOOKMARK [2][-]{subsection.19}{\376\377\000R\000Q\0000\0001\000\040\040\023\000\040\000Q\000u\000a\000l\000\040\000a\000\040\000r\000e\000l\000a\000\347\000\343\000o\000\040\000e\000n\000t\000r\000e\000\040\000p\000o\000p\000u\000l\000a\000r\000i\000d\000a\000d\000e\000\040\000e\000\040\000q\000u\000a\000l\000i\000d\000a\000d\000e\000?}{section.14}% 12
\BOOKMARK [2][-]{subsection.21}{\376\377\000R\000Q\0000\0002\000\040\040\023\000\040\000Q\000u\000a\000l\000\040\000a\000\040\000r\000e\000l\000a\000\347\000\343\000o\000\040\000e\000n\000t\000r\000e\000\040\000m\000a\000t\000u\000r\000i\000d\000a\000d\000e\000\040\000e\000\040\000q\000u\000a\000l\000i\000d\000a\000d\000e\000?}{section.14}% 13
\BOOKMARK [2][-]{subsection.23}{\376\377\000R\000Q\0000\0003\000\040\040\023\000\040\000Q\000u\000a\000l\000\040\000a\000\040\000r\000e\000l\000a\000\347\000\343\000o\000\040\000e\000n\000t\000r\000e\000\040\000a\000t\000i\000v\000i\000d\000a\000d\000e\000\040\000e\000\040\000q\000u\000a\000l\000i\000d\000a\000d\000e\000?}{section.14}% 14
\BOOKMARK [2][-]{subsection.25}{\376\377\000R\000Q\0000\0004\000\040\040\023\000\040\000Q\000u\000a\000l\000\040\000a\000\040\000r\000e\000l\000a\000\347\000\343\000o\000\040\000e\000n\000t\000r\000e\000\040\000t\000a\000m\000a\000n\000h\000o\000\040\000e\000\040\000q\000u\000a\000l\000i\000d\000a\000d\000e\000?}{section.14}% 15
\BOOKMARK [1][-]{section.27}{\376\377\000D\000i\000s\000t\000r\000i\000b\000u\000i\000\347\000\365\000e\000s\000\040\000d\000a\000s\000\040\000M\000\351\000t\000r\000i\000c\000a\000s\000\040\000d\000e\000\040\000Q\000u\000a\000l\000i\000d\000a\000d\000e}{}% 16
\BOOKMARK [1][-]{section.31}{\376\377\000D\000i\000s\000c\000u\000s\000s\000\343\000o\000\040\000d\000o\000s\000\040\000R\000e\000s\000u\000l\000t\000a\000d\000o\000s\000\040\000e\000\040\000I\000n\000s\000i\000g\000h\000t\000s}{}% 17
\BOOKMARK [2][-]{subsection.32}{\376\377\000I\000n\000s\000i\000g\000h\000t\000s\000\040\000P\000r\000i\000n\000c\000i\000p\000a\000i\000s}{section.31}% 18
\BOOKMARK [2][-]{subsection.33}{\376\377\000I\000m\000p\000l\000i\000c\000a\000\347\000\365\000e\000s\000\040\000p\000a\000r\000a\000\040\000P\000r\000o\000j\000e\000t\000o\000s\000\040\000d\000e\000\040\000S\000o\000f\000t\000w\000a\000r\000e}{section.31}% 19
\BOOKMARK [1][-]{section.34}{\376\377\000C\000o\000n\000c\000l\000u\000s\000\343\000o\000,\000\040\000T\000o\000m\000a\000d\000a\000s\000\040\000d\000e\000\040\000D\000e\000c\000i\000s\000\343\000o\000\040\000e\000\040\000R\000e\000s\000p\000o\000s\000t\000a\000\040\000\340\000s\000\040\000H\000i\000p\000\363\000t\000e\000s\000e\000s}{}% 20
\BOOKMARK [2][-]{subsection.35}{\376\377\000T\000o\000m\000a\000d\000a\000s\000\040\000d\000e\000\040\000D\000e\000c\000i\000s\000\343\000o}{section.34}% 21
\BOOKMARK [2][-]{subsection.36}{\376\377\000R\000e\000s\000p\000o\000n\000d\000e\000n\000d\000o\000\040\000\340\000s\000\040\000H\000i\000p\000\363\000t\000e\000s\000e\000s\000\040\000\050\000H\0001\040\023\000H\0004\000\051}{section.34}% 22
