\BOOKMARK [1][-]{section.1}{\376\377\000I\000n\000t\000r\000o\000d\000u\000\347\000\343\000o}{}% 1
\BOOKMARK [1][-]{section.2}{\376\377\000Q\000u\000e\000s\000t\000\365\000e\000s\000\040\000d\000e\000\040\000P\000e\000s\000q\000u\000i\000s\000a\000\040\000e\000\040\000H\000i\000p\000\363\000t\000e\000s\000e\000s}{}% 2
\BOOKMARK [1][-]{section.3}{\376\377\000O\000b\000j\000e\000t\000i\000v\000o\000s}{}% 3
\BOOKMARK [2][-]{subsection.3.1}{\376\377\000O\000b\000j\000e\000t\000i\000v\000o\000\040\000G\000e\000r\000a\000l}{section.3}% 4
\BOOKMARK [2][-]{subsection.3.2}{\376\377\000O\000b\000j\000e\000t\000i\000v\000o\000s\000\040\000E\000s\000p\000e\000c\000\355\000f\000i\000c\000o\000s}{section.3}% 5
\BOOKMARK [1][-]{section.4}{\376\377\000M\000e\000t\000o\000d\000o\000l\000o\000g\000i\000a}{}% 6
\BOOKMARK [2][-]{subsection.4.1}{\376\377\000C\000o\000l\000e\000t\000a\000\040\000d\000e\000\040\000D\000a\000d\000o\000s}{section.4}% 7
\BOOKMARK [2][-]{subsection.4.2}{\376\377\000A\000n\000\341\000l\000i\000s\000e}{section.4}% 8
\BOOKMARK [2][-]{subsection.4.3}{\376\377\000V\000i\000s\000u\000a\000l\000i\000z\000a\000\347\000\343\000o\000\040\000d\000o\000s\000\040\000D\000a\000d\000o\000s}{section.4}% 9
\BOOKMARK [1][-]{section.5}{\376\377\000R\000e\000s\000u\000l\000t\000a\000d\000o\000s}{}% 10
\BOOKMARK [2][-]{subsection.5.1}{\376\377\000R\000e\000s\000u\000l\000t\000a\000d\000o\000s\000\040\000p\000o\000r\000\040\000Q\000u\000e\000s\000t\000\343\000o\000\040\000d\000e\000\040\000P\000e\000s\000q\000u\000i\000s\000a}{section.5}% 11
\BOOKMARK [2][-]{subsection.5.2}{\376\377\000R\000Q\0000\0001\000\040\040\023\000\040\000S\000i\000s\000t\000e\000m\000a\000s\000\040\000p\000o\000p\000u\000l\000a\000r\000e\000s\000\040\000s\000\343\000o\000\040\000m\000a\000d\000u\000r\000o\000s\000/\000a\000n\000t\000i\000g\000o\000s\000?}{section.5}% 12
\BOOKMARK [2][-]{subsection.5.3}{\376\377\000R\000Q\0000\0002\000\040\040\023\000\040\000S\000i\000s\000t\000e\000m\000a\000s\000\040\000p\000o\000p\000u\000l\000a\000r\000e\000s\000\040\000r\000e\000c\000e\000b\000e\000m\000\040\000m\000u\000i\000t\000a\000\040\000c\000o\000n\000t\000r\000i\000b\000u\000i\000\347\000\343\000o\000\040\000e\000x\000t\000e\000r\000n\000a\000?}{section.5}% 13
\BOOKMARK [2][-]{subsection.5.4}{\376\377\000R\000Q\0000\0003\000\040\040\023\000\040\000S\000i\000s\000t\000e\000m\000a\000s\000\040\000p\000o\000p\000u\000l\000a\000r\000e\000s\000\040\000l\000a\000n\000\347\000a\000m\000\040\000r\000e\000l\000e\000a\000s\000e\000s\000\040\000c\000o\000m\000\040\000f\000r\000e\000q\000u\000\352\000n\000c\000i\000a\000?}{section.5}% 14
\BOOKMARK [2][-]{subsection.5.5}{\376\377\000R\000Q\0000\0004\000\040\040\023\000\040\000S\000i\000s\000t\000e\000m\000a\000s\000\040\000p\000o\000p\000u\000l\000a\000r\000e\000s\000\040\000s\000\343\000o\000\040\000a\000t\000u\000a\000l\000i\000z\000a\000d\000o\000s\000\040\000c\000o\000m\000\040\000f\000r\000e\000q\000u\000\352\000n\000c\000i\000a\000?}{section.5}% 15
\BOOKMARK [2][-]{subsection.5.6}{\376\377\000R\000Q\0000\0005\000\040\040\023\000\040\000S\000i\000s\000t\000e\000m\000a\000s\000\040\000p\000o\000p\000u\000l\000a\000r\000e\000s\000\040\000s\000\343\000o\000\040\000e\000s\000c\000r\000i\000t\000o\000s\000\040\000n\000a\000s\000\040\000l\000i\000n\000g\000u\000a\000g\000e\000n\000s\000\040\000m\000a\000i\000s\000\040\000p\000o\000p\000u\000l\000a\000r\000e\000s\000?}{section.5}% 16
\BOOKMARK [2][-]{subsection.5.7}{\376\377\000R\000Q\0000\0006\000\040\040\023\000\040\000S\000i\000s\000t\000e\000m\000a\000s\000\040\000p\000o\000p\000u\000l\000a\000r\000e\000s\000\040\000p\000o\000s\000s\000u\000e\000m\000\040\000a\000l\000t\000o\000\040\000p\000e\000r\000c\000e\000n\000t\000u\000a\000l\000\040\000d\000e\000\040\000i\000s\000s\000u\000e\000s\000\040\000f\000e\000c\000h\000a\000d\000a\000s\000?}{section.5}% 17
\BOOKMARK [2][-]{subsection.5.8}{\376\377\000R\000Q\0000\0007\000\040\000\050\000B\000\364\000n\000u\000s\000\051\000\040\040\023\000\040\000L\000i\000n\000g\000u\000a\000g\000e\000m\000\040\000e\000\040\000C\000o\000n\000t\000r\000i\000b\000u\000i\000\347\000\343\000o\000\040\000E\000x\000t\000e\000r\000n\000a\000,\000\040\000R\000e\000l\000e\000a\000s\000e\000s\000\040\000e\000\040\000A\000t\000u\000a\000l\000i\000z\000a\000\347\000\343\000o}{section.5}% 18
\BOOKMARK [2][-]{subsection.5.9}{\376\377\000R\000Q\0000\0007\000a\000\040\040\023\000\040\000P\000R\000s\000\040\000a\000c\000e\000i\000t\000a\000s\000\040\000p\000o\000r\000\040\000l\000i\000n\000g\000u\000a\000g\000e\000m}{section.5}% 19
\BOOKMARK [2][-]{subsection.5.10}{\376\377\000R\000Q\0000\0007\000b\000\040\040\023\000\040\000R\000e\000l\000e\000a\000s\000e\000s\000\040\000p\000o\000r\000\040\000l\000i\000n\000g\000u\000a\000g\000e\000m}{section.5}% 20
\BOOKMARK [2][-]{subsection.5.11}{\376\377\000R\000Q\0000\0007\000c\000\040\040\023\000\040\000T\000e\000m\000p\000o\000\040\000d\000e\000s\000d\000e\000\040\000\372\000l\000t\000i\000m\000a\000\040\000a\000t\000u\000a\000l\000i\000z\000a\000\347\000\343\000o\000\040\000p\000o\000r\000\040\000l\000i\000n\000g\000u\000a\000g\000e\000m}{section.5}% 21
\BOOKMARK [1][-]{section.6}{\376\377\000D\000i\000s\000c\000u\000s\000s\000\343\000o\000\040\000d\000o\000s\000\040\000R\000e\000s\000u\000l\000t\000a\000d\000o\000s\000\040\000e\000\040\000I\000n\000s\000i\000g\000h\000t\000s}{}% 22
\BOOKMARK [2][-]{subsection.6.1}{\376\377\000I\000n\000s\000i\000g\000h\000t\000s\000\040\000P\000r\000i\000n\000c\000i\000p\000a\000i\000s}{section.6}% 23
\BOOKMARK [2][-]{subsection.6.2}{\376\377\000I\000m\000p\000l\000i\000c\000a\000\347\000\365\000e\000s\000\040\000p\000a\000r\000a\000\040\000P\000r\000o\000j\000e\000t\000o\000s\000\040\000d\000e\000\040\000S\000o\000f\000t\000w\000a\000r\000e}{section.6}% 24
\BOOKMARK [1][-]{section.7}{\376\377\000C\000o\000n\000c\000l\000u\000s\000\343\000o\000,\000\040\000T\000o\000m\000a\000d\000a\000s\000\040\000d\000e\000\040\000D\000e\000c\000i\000s\000\343\000o\000\040\000e\000\040\000R\000e\000s\000p\000o\000s\000t\000a\000\040\000\340\000s\000\040\000H\000i\000p\000\363\000t\000e\000s\000e\000s}{}% 25
\BOOKMARK [2][-]{subsection.7.1}{\376\377\000T\000o\000m\000a\000d\000a\000s\000\040\000d\000e\000\040\000D\000e\000c\000i\000s\000\343\000o}{section.7}% 26
\BOOKMARK [2][-]{subsection.7.2}{\376\377\000R\000e\000s\000p\000o\000n\000d\000e\000n\000d\000o\000\040\000\340\000s\000\040\000H\000i\000p\000\363\000t\000e\000s\000e\000s\000\040\000\050\000H\0001\040\023\000H\0007\000\051}{section.7}% 27
